// Jest Snapshot v1, https://goo.gl/fbAQLP

exports[`App render properly 1`] = `ShallowWrapper {}`;
