// Jest Snapshot v1, https://goo.gl/fbAQLP

exports[`Wallet renders wallet 1`] = `ShallowWrapper {}`;
